// 1st Test
======================================================
🚀 [AIORA] RECEIVED PAYLOAD: tier0-9
======================================================
{
  schema_version: '0.2.0',
  beacon_id: '04cf72e0-0ea9-4b97-9248-ddf9b73791eb',
  client_id: 'shopora-prod',
  session_token: '294b1a80-5238-4f3f-b2fa-323b1982f5cc',
  tag_version: '0.2.0',
  timestamp: '2026-08-30T11:06:48.973Z',
  sampled: true,
  page_type: 'homepage',
  page_url_path: '/index.html',
  sequence_no: 1,
  page_heading: 'Upgrade your everyday for less.',
  breadcrumb: [],
  viewport: { width: 887, height: 949 },
  surface_id: 'c8347976-adb3-4e85-836c-cbc9b70a9685',
  region: 'en',
  identity_summary: { state: 'unknown' },
  visible_query: null,
  program_match: null,
  page: {
    page_type: 'homepage',
    page_url: 'http://localhost:8080/index.html'
  },
  signals: {
    t1: [
      {
        position: 1,
        surface: 'featured',
        name: 'VoltMax 15.6" Laptop',
        brand: 'VoltMax',
        price: 729.99,
        currency: 'USD',
        old_price: 849.99,
        has_markdown: true,
        badge: '14% OFF',
        discount_pct: 14,
        availability: 'in-stock',
        sponsored: false,
        delivery_promise: 'FREE delivery Tomorrow',
        discount_amount: 'Save $120.00'
      },
      {
        position: 2,
        surface: 'featured',
        name: 'PulseTune Wireless Headphones',
        brand: 'PulseTune',
        price: 89.99,
        currency: 'USD',
        old_price: 119.99,
        has_markdown: true,
        badge: '25% OFF',
        discount_pct: 25,
        availability: 'in-stock',
        sponsored: false,
        delivery_promise: 'FREE delivery Tomorrow',
        discount_amount: 'Save $30.00'
      },
      {
        position: 3,
        surface: 'featured',
        name: 'Luna Cotton Graphic Tee',
        brand: 'Luna',
        price: 18.99,
        currency: 'USD',
        old_price: 24.99,
        has_markdown: true,
        badge: '24% OFF',
        discount_pct: 24,
        availability: 'in-stock',
        sponsored: false,
        delivery_promise: 'FREE delivery Tomorrow',
        discount_amount: 'Save $6.00'
      },
      {
        position: 4,
        surface: 'featured',
        name: 'MetroStride Running Shoes',
        brand: 'MetroStride',
        price: 74.99,
        currency: 'USD',
        old_price: 94.99,
        has_markdown: true,
        badge: '21% OFF',
        discount_pct: 21,
        availability: 'in-stock',
        sponsored: false,
        delivery_promise: 'FREE delivery Tomorrow',
        discount_amount: 'Save $20.00'
      },
      {
        position: 5,
        surface: 'featured',
        name: 'OakLine Coffee Table',
        brand: 'OakLine',
        price: 129.99,
        currency: 'USD',
        old_price: 159.99,
        has_markdown: true,
        badge: '19% OFF',
        discount_pct: 19,
        availability: 'in-stock',
        sponsored: false,
        delivery_promise: 'FREE delivery Tomorrow',
        discount_amount: 'Save $30.00'
      },
      {
        position: 6,
        surface: 'featured',
        name: 'SoftNest Throw Blanket',
        brand: 'SoftNest',
        price: 27.99,
        currency: 'USD',
        old_price: 35.99,
        has_markdown: true,
        badge: '22% OFF',
        discount_pct: 22,
        availability: 'in-stock',
        sponsored: false,
        delivery_promise: 'FREE delivery Tomorrow',
        discount_amount: 'Save $8.00'
      },
      {
        position: 7,
        surface: 'featured',
        name: 'The Last Library',
        brand: 'The',
        price: 14.99,
        currency: 'USD',
        old_price: 19.99,
        has_markdown: true,
        badge: '25% OFF',
        discount_pct: 25,
        availability: 'in-stock',
        sponsored: false,
        delivery_promise: 'FREE delivery Tomorrow',
        discount_amount: 'Save $5.00'
      },
      {
        position: 8,
        surface: 'featured',
        name: 'Coding for Everyone',
        brand: 'Coding',
        price: 21.99,
        currency: 'USD',
        old_price: 26.99,
        has_markdown: true,
        badge: '19% OFF',
        discount_pct: 19,
        availability: 'in-stock',
        sponsored: false,
        delivery_promise: 'FREE delivery Tomorrow',
        discount_amount: 'Save $5.00'
      }
    ],
    t3: {
      total_products: 8,
      sponsored_count: 0,
      organic_count: 8,
      discounted_count: 8,
      full_price_count: 0,
      out_of_stock_count: 0,
      low_stock_count: 0,
      discount_pct_min: 14,
      discount_pct_max: 25,
      discount_pct_median: 22,
      price_min: 14.99,
      price_max: 729.99,
      price_currency: 'USD'
    },
    t4: {
    
      hydration_events: [ { metric: 'cart_hydration_time_ms', value: 1 } ],
      css_hidden_blocks: [
        {
          selector: 'sr-only',
          gated_copy: 'Email address',
          rendered: false
        }
      ],
      metadata: {
        meta_description: 'Shop electronics, fashion, home essentials and books at SHOPORA with fast delivery and secure checkout.'
      },
      raw_url: 'http://localhost:8080/index.html'
    }
  },
  budget: { bytes_used: 3581, hard_cap: 51200, tiers_dropped: [] },   
  privacy_metadata: {
    pii_scrubbing_version: '0.2.0',
    local_scrubbing_applied: true,
    inputs_scrubbed: true,
    scripts_removed: true,
    styles_removed: true,
    persistent_storage_used: false
  }
}

// 2nd 3rd Test
======================================================
🚀 [AIORA] RECEIVED PAYLOAD: interaction_events
======================================================
{
  envelope_type: 'interaction_events',
  schema_version: '0.2.0',
  tag_version: '0.2.0',
  client_id: 'shopora-prod',
  session_token: '294b1a80-5238-4f3f-b2fa-323b1982f5cc',
  flush_id: '4516a1d5-a557-407e-acb8-0192073ab58d',
  flush_reason: 'immediate_navigation',
  events: [
    {
      event_id: '6f46c83f-6cdf-4e31-ae9f-17c403fcdeeb',
      event_type: 'product_card_clicked',
      timestamp: '2026-08-30T11:08:12.870Z',
      page_type: 'homepage',
      page_url_path: '/',
      sku: 'ho-1',
      surface: 'catalog-grid',
      position: 5,
      price: 129.99,
      currency: 'USD'
    }
  ]
}

======================================================
🚀 [AIORA] RECEIVED PAYLOAD: tier0-9
======================================================
{
  schema_version: '0.2.0',
  beacon_id: 'ac223f79-39a8-4241-a208-e9cf18ebe3ae',
  client_id: 'shopora-prod',
  session_token: '1e083536-e63b-4568-8dd3-2de964cf2d84',
  tag_version: '0.2.0',
  timestamp: '2026-08-30T11:08:13.237Z',
  sampled: true,
  page_type: 'pdp',
  page_url_path: '/pdp.html?id=ho-1',
  sequence_no: 1,
  page_heading: 'OakLine Coffee Table',
  breadcrumb: [ 'HOME /', 'HOME /', 'OAKLINE' ],
  viewport: { width: 887, height: 949 },
  surface_id: 'df8c1e0e-eb07-4fe9-856b-483a234b36b0',
  region: 'en',
  identity_summary: { state: 'unknown' },
  visible_query: null,
  program_match: null,
  page: {
    page_type: 'pdp',
    page_url: 'http://localhost:8080/pdp.html?id=ho-1'
  },
  signals: {
    t1: [
      {
        position: 1,
        surface: 'hero',
        name: 'Product Specifications',
        brand: 'OakLine Official',
        price: 129.99,
        currency: 'USD',
        old_price: 159.99,
        has_markdown: true,
        badge: 'SAVE 19%',
        discount_pct: 19,
        availability: 'in-stock',
        sponsored: false,
        delivery_promise: 'Order within 5 hrs',
        visible_category_words: [ 'home' ],
        badges: [ '• High Demand' ]
      }
    ],
    t4: {
      hydration_events: [ { metric: 'cart_hydration_time_ms', value: 0 } ],
      css_hidden_blocks: [
        {
          selector: 'pdp-accordion-content',
          gated_copy: 'Standard Delivery: 3-5 business days. Free for orders over $50.\n' +
            '                \n' +
            '                \n' +
            '  ',
          rendered: false
        }
      ],
      raw_url: 'http://localhost:8080/pdp.html?id=ho-1'
    }
  },
  budget: { bytes_used: 1154, hard_cap: 51200, tiers_dropped: [] },   
  privacy_metadata: {
    pii_scrubbing_version: '0.2.0',
    local_scrubbing_applied: true,
    inputs_scrubbed: true,
    scripts_removed: true,
    styles_removed: true,
    persistent_storage_used: false
  }
}

// 4th Test 
======================================================
🚀 [AIORA] RECEIVED PAYLOAD: interaction_events
======================================================
{
  envelope_type: 'interaction_events',
  schema_version: '0.2.0',
  tag_version: '0.2.0',
  client_id: 'shopora-prod',
  session_token: '0521310b-c0cf-428b-a6bd-c3297ef70806',
  flush_id: '88ffb5db-06fb-4806-b98c-b0e5476bbf17',
  flush_reason: 'time',
  events: [
    {
      event_id: '5069ff30-dd7d-4b61-8b0b-583a55fdf572',
      event_type: 'filter_applied',
      timestamp: '2026-08-30T11:11:01.139Z',
      page_type: 'category',
      page_url_path: '/category.html',
      filter_type: 'unknown',
      filter_value: 'electronics',
      active_filter_count_after: 1
    }
  ]
}

======================================================
🚀 [AIORA] RECEIVED PAYLOAD: interaction_events
======================================================
{
  envelope_type: 'interaction_events',
  schema_version: '0.2.0',
  tag_version: '0.2.0',
  client_id: 'shopora-prod',
  session_token: '0521310b-c0cf-428b-a6bd-c3297ef70806',
  flush_id: 'e47b2dd0-e77c-49b4-8bdb-354eab43f79c',
  flush_reason: 'unload',
  events: [
    {
      event_id: 'f9f5ebe5-48d4-4dbe-ad8c-5b450edfb3c6',
      event_type: 'sort_changed',
      timestamp: '2026-08-30T11:11:33.084Z',
      page_type: 'category',
      page_url_path: '/category.html',
      sort_value: 'price-low'
    }
  ]
}

// 5th Test 
// clicked on + plus button 
======================================================
🚀 [AIORA] RECEIVED PAYLOAD: interaction_events
======================================================
{
  envelope_type: 'interaction_events',
  schema_version: '0.2.0',
  tag_version: '0.2.0',
  client_id: 'shopora-prod',
  session_token: 'd1c03a0f-cb07-4830-9eb1-d250b01e3642',
  flush_id: 'f633d7c4-1290-4554-acd7-f499fcca9583',
  flush_reason: 'unload',
  events: [
    {
      event_id: '5a3c070c-e807-4c94-a5b2-3fa1ea83a33a',
      event_type: 'quantity_changed',
      timestamp: '2026-08-30T11:13:15.190Z',
      page_type: 'cart',
      page_url_path: '/cart.html',
      sku: 'el-4',
      quantity_before: 1,
      quantity_after: 2,
      line_total_before: '$19.99',
      line_total_after: '$39.98'
    }
  ]
}

// physically clicked on remove from cart
======================================================
🚀 [AIORA] RECEIVED PAYLOAD: interaction_events
======================================================
{
  envelope_type: 'interaction_events',
  schema_version: '0.2.0',
  tag_version: '0.2.0',
  client_id: 'shopora-prod',
  session_token: 'd1c03a0f-cb07-4830-9eb1-d250b01e3642',
  flush_id: '771a191e-36d5-4e37-8c1e-d75aa90394d3',
  flush_reason: 'unload',
  events: [
    {
      event_id: '8898208f-a2b1-4baa-b0d1-ed0081622b76',
      event_type: 'remove_from_cart',
      timestamp: '2026-08-30T11:13:26.090Z',
      page_type: 'cart',
      page_url_path: '/cart.html',
      sku: null,
      quantity_before_remove: 1,
      displayed_line_total: '$24.99'
    }
  ]
}

// clicked on - minus button (default qty was 2) 
======================================================
🚀 [AIORA] RECEIVED PAYLOAD: interaction_events
======================================================
{
  envelope_type: 'interaction_events',
  schema_version: '0.2.0',
  tag_version: '0.2.0',
  client_id: 'shopora-prod',
  session_token: 'd1c03a0f-cb07-4830-9eb1-d250b01e3642',
  flush_id: '1456d5e4-f083-4966-81c1-922b060555b7',
  flush_reason: 'unload',
  events: [
    {
      event_id: '9c5667f7-0141-4ed6-a9ef-c3a5499e2177',
      event_type: 'quantity_changed',
      timestamp: '2026-08-30T11:13:33.018Z',
      page_type: 'cart',
      page_url_path: '/cart.html',
      sku: 'el-4',
      quantity_before: 2,
      quantity_after: 1,
      line_total_before: '$39.98',
      line_total_after: '$19.99'
    }
  ]
}

// Clicked on - minus again (now the default qty was 1, so when i clicked on minus it automatically removed the product from cart) 
======================================================
🚀 [AIORA] RECEIVED PAYLOAD: interaction_events
======================================================
{
  envelope_type: 'interaction_events',
  schema_version: '0.2.0',
  tag_version: '0.2.0',
  client_id: 'shopora-prod',
  session_token: 'd1c03a0f-cb07-4830-9eb1-d250b01e3642',
  flush_id: '80bf39e2-cb95-4108-9f56-0323ddf3b837',
  flush_reason: 'immediate_navigation',
  events: [
    {
      event_id: 'de7ad684-668a-4398-aa94-5713b8ceea4d',
      event_type: 'remove_from_cart',
      timestamp: '2026-08-30T11:13:38.832Z',
      page_type: 'cart',
      page_url_path: '/cart.html',
      sku: 'el-4',
      quantity_before: 1,
      quantity_after: 0,
      line_total_before: '$19.99',
      line_total_after: null
    }
  ]
}
