// 1st Test
======================================================
🚀 [AIORA] RECEIVED PAYLOAD: tier0-9
======================================================
{
  schema_version: '0.2.0',
  beacon_id: 'ce8d43e9-2d8c-428d-b1bd-7bc6d3adb3d6',
  client_id: 'shopora-prod',
  session_token: '6437c25a-6284-412a-9a54-c1a52c8156e0',
  tag_version: '0.2.0',
  timestamp: '2026-08-30T11:36:30.772Z',
  sampled: true,
  page_type: 'homepage',
  page_url_path: '/index.html',
  sequence_no: 1,
  page_heading: 'Upgrade your everyday for less.',
  breadcrumb: [],
  viewport: { width: 889, height: 950 },
  surface_id: '1cd6d11b-39b2-42e7-ba1e-e414f36d95df',
  region: 'en',
  identity_summary: { state: 'unknown' },
  visible_query: null,
  program_match: null,
  page: {
    page_type: 'homepage',
    page_url: 'http://localhost:8080/index.html'
  },
  signals: {
    t1: [
      {
        position: 1,
        surface: 'featured',
        name: 'VoltMax 15.6" Laptop', 
        brand: 'VoltMax',
        price: 729.99,
        currency: 'USD',
        old_price: 849.99,
        has_markdown: true,
        badge: '14% OFF',
        discount_pct: 14,
        availability: 'in-stock',     
        sponsored: false,
        delivery_promise: 'FREE delivery Tomorrow',
        discount_amount: 'Save $120.00'
      },
      {
        position: 2,
        surface: 'featured',
        name: 'PulseTune Wireless Headphones',
        brand: 'PulseTune',
        price: 89.99,
        currency: 'USD',
        old_price: 119.99,
        has_markdown: true,
        badge: '25% OFF',
        discount_pct: 25,
        availability: 'in-stock',     
        sponsored: false,
        delivery_promise: 'FREE delivery Tomorrow',
        discount_amount: 'Save $30.00'
      },
      {
        position: 3,
        surface: 'featured',
        name: 'Luna Cotton Graphic Tee',
        brand: 'Luna',
        price: 18.99,
        currency: 'USD',
        old_price: 24.99,
        has_markdown: true,
        badge: '24% OFF',
        discount_pct: 24,
        availability: 'in-stock',     
        sponsored: false,
        delivery_promise: 'FREE delivery Tomorrow',
        discount_amount: 'Save $6.00' 
      },
      {
        position: 4,
        surface: 'featured',
        name: 'MetroStride Running Shoes',
        brand: 'MetroStride',
        price: 74.99,
        currency: 'USD',
        old_price: 94.99,
        has_markdown: true,
        badge: '21% OFF',
        discount_pct: 21,
        availability: 'in-stock',     
        sponsored: false,
        delivery_promise: 'FREE delivery Tomorrow',
        discount_amount: 'Save $20.00'
      },
      {
        position: 5,
        surface: 'featured',
        name: 'OakLine Coffee Table', 
        brand: 'OakLine',
        price: 129.99,
        currency: 'USD',
        old_price: 159.99,
        has_markdown: true,
        badge: '19% OFF',
        discount_pct: 19,
        availability: 'in-stock',     
        sponsored: false,
        delivery_promise: 'FREE delivery Tomorrow',
        discount_amount: 'Save $30.00'
      },
      {
        position: 6,
        surface: 'featured',
        name: 'SoftNest Throw Blanket',
        brand: 'SoftNest',
        price: 27.99,
        currency: 'USD',
        old_price: 35.99,
        has_markdown: true,
        badge: '22% OFF',
        discount_pct: 22,
        availability: 'in-stock',     
        sponsored: false,
        delivery_promise: 'FREE delivery Tomorrow',
        discount_amount: 'Save $8.00' 
      },
      {
        position: 7,
        surface: 'featured',
        name: 'The Last Library',     
        brand: 'The',
        price: 14.99,
        currency: 'USD',
        old_price: 19.99,
        has_markdown: true,
        badge: '25% OFF',
        discount_pct: 25,
        availability: 'in-stock',     
        sponsored: false,
        delivery_promise: 'FREE delivery Tomorrow',
        discount_amount: 'Save $5.00' 
      },
      {
        position: 8,
        surface: 'featured',
        name: 'Coding for Everyone',  
        brand: 'Coding',
        price: 21.99,
        currency: 'USD',
        old_price: 26.99,
        has_markdown: true,
        badge: '19% OFF',
        discount_pct: 19,
        availability: 'in-stock',     
        sponsored: false,
        delivery_promise: 'FREE delivery Tomorrow',
        discount_amount: 'Save $5.00' 
      }
    ],
    t3: {
      total_products: 8,
      sponsored_count: 0,
      organic_count: 8,
      discounted_count: 8,
      full_price_count: 0,
      out_of_stock_count: 0,
      low_stock_count: 0,
      discount_pct_min: 14,
      discount_pct_max: 25,
      discount_pct_median: 22,        
      price_min: 14.99,
      price_max: 729.99,
      price_currency: 'USD'
    },
    t4: {
      hydration_events: [ { metric: 'cart_hydration_time_ms', value: 0 } ], 
      css_hidden_blocks: [
        {
          selector: 'sr-only',        
          gated_copy: 'Email address',
          rendered: false
        }
      ],
      metadata: {
        meta_description: 'Shop electronics, fashion, home essentials and books at SHOPORA with fast delivery and secure checkout.'
      },
      hydration_events: [ { metric: 'cart_hydration_time_ms', value: 0 } ], 
      css_hidden_blocks: [
        {
          selector: 'sr-only',        
          gated_copy: 'Email address',
          rendered: false
        }
      ],
      metadata: {
        meta_description: 'Shop electronics, fashion, home essentials and books at SHOPORA with fast delivery and secure checkout.'
      },
      ],
      metadata: {
        meta_description: 'Shop electronics, fashion, home essentials and books at SHOPORA with fast delivery and secure checkout.'
      },
onics, fashion, home essentials and books at SHOPORA with fast delivery and secure checkout.'
      },
oks at SHOPORA with fast delivery and secure checkout.'
      },
secure checkout.'
      },
      raw_url: 'http://localhost:8080/index      raw_url: 'http://localhost:8080/index.html'
    }
  },
  budget: { bytes_used: 3581, hard_cap: 51200, tiers_dropped: [] },
  privacy_metadata: {
    pii_scrubbing_version: '0.2.0',        
    local_scrubbing_applied: true,
    inputs_scrubbed: true,
    scripts_removed: true,
    styles_removed: true,
    persistent_storage_used: false
  }
}

// 2nd Test
======================================================
🚀 [AIORA] RECEIVED PAYLOAD: interaction_events
======================================================
{
  envelope_type: 'interaction_events',      
  schema_version: '0.2.0',
  tag_version: '0.2.0',
  client_id: 'shopora-prod',
  session_token: '10f1ebf8-8071-4c38-836e-9df27f9cde37',
  flush_id: '1b45d6e0-0fe0-42aa-aa8b-e06d7c7b804d',
  flush_reason: 'time',
  events: [
    {
      event_id: 'c0198ca8-a4ba-4c1d-858f-ef73e8ee63d2',
      event_type: 'filter_applied',
      timestamp: '2026-08-30T11:38:51.336Z',
      page_type: 'category',
      page_url_path: '/category.html',      
      filter_type: 'unknown',
      filter_value: 'electronics',
      active_filter_count_after: 1
    }
  ]
}
